// Jest Snapshot v1, https://goo.gl/fbAQLP

exports[`Pruebas en <CounterApp /> debe de hacer match con el snapshot 1`] = `
<div>
  <h1>
    CounterApp
  </h1>
  <h2>
     
    10
     
  </h2>
  <button>
    +
  </button>
  <button>
    -
  </button>
  <button>
    Reset
  </button>
</div>
`;
